
<script context="module">
</script>

<script>
</script>

<style>
</style>
