
<script context="module">
import me from 'you';
</script>

<p>
  Cela dit, je porte en moi tous les rÃªves du monde.
</p>
