
<p>
  Cela dit, je porte en moi tous les rÃªves du monde.
</p>
